
> sports-manager@0.1.0 test
> jest

node.exe : [baseline-browser-mapping] The data in this module is over two months old.  To ensure accurate Baseline data, please update: `npm i baseline-browser-mapping@latest -D`
At line:1 char:1
+ & "C:\nvm4w\nodejs/node.exe" "C:\nvm4w\nodejs/node_modules/npm/bin/np ...
+ ~~~~~~~~~~~~~~~~~~~~~~~~~~~~~~~~~~~~~~~~~~~~~~~~~~~~~~~~~~~~~~~~~~~~~
    + CategoryInfo          : NotSpecified: ([baseline-brows...ping@latest -D`:String) [], RemoteException
    + FullyQualifiedErrorId : NativeCommandError
 
[baseline-browser-mapping] The data in this module is over two months old.  To ensure accurate Baseline data, please update: `npm i baseline-browser-mapping@latest -D`
[baseline-browser-mapping] The data in this module is over two months old.  To ensure accurate Baseline data, please update: `npm i baseline-browser-mapping@latest -D`
[baseline-browser-mapping] The data in this module is over two months old.  To ensure accurate Baseline data, please update: `npm i baseline-browser-mapping@latest -D`
[baseline-browser-mapping] The data in this module is over two months old.  To ensure accurate Baseline data, please update: `npm i baseline-browser-mapping@latest -D`
PASS src/lib/store.test.ts
PASS src/components/ui/button.test.tsx
PASS src/app/teams/page.test.tsx
FAIL src/app/teams/[id]/page.test.tsx
  ΓùÅ TeamDetailPage ΓÇ║ renders team details and roster

    TestingLibraryElementError: Found multiple elements with the text: Player

    Here are the matching elements:

    Ignored nodes: comments, script, style
    [36m<p[39m
      [33mclass[39m=[32m"text-xs text-muted-foreground"[39m
    [36m>[39m
      [0mPlayer[0m
    [36m</p>[39m

    Ignored nodes: comments, script, style
    [36m<option[39m
      [33mvalue[39m=[32m"Player"[39m
    [36m>[39m
      [0mPlayer[0m
    [36m</option>[39m

    (If this is intentional, then use the `*AllBy*` variant of the query (like `queryAllByText`, `getAllByText`, or `findAllByText`)).

    Ignored nodes: comments, script, style
    [36m<body>[39m
      [36m<div>[39m
        [36m<div[39m
          [33mclass[39m=[32m"container mx-auto py-8 px-4"[39m
        [36m>[39m
          [36m<div[39m
            [33mclass[39m=[32m"mb-8"[39m
          [36m>[39m
            [36m<h1[39m
              [33mclass[39m=[32m"text-3xl font-bold tracking-tight"[39m
            [36m>[39m
              [0mTeam A[0m
            [36m</h1>[39m
            [36m<p[39m
              [33mclass[39m=[32m"text-muted-foreground"[39m
            [36m>[39m
              [0mSoccer[0m
              [0m ΓÇó [0m
              [0mU19[0m
            [36m</p>[39m
          [36m</div>[39m
          [36m<div[39m
            [33mclass[39m=[32m"grid gap-8 md:grid-cols-3"[39m
          [36m>[39m
            [36m<div[39m
              [33mclass[39m=[32m"md:col-span-2 space-y-6"[39m
            [36m>[39m
              [36m<div[39m
                [33mclass[39m=[32m"rounded-lg border bg-card text-card-foreground shadow-sm"[39m
              [36m>[39m
                [36m<div[39m
                  [33mclass[39m=[32m"flex flex-col space-y-1.5 p-6"[39m
                [36m>[39m
                  [36m<h3[39m
                    [33mclass[39m=[32m"text-2xl font-semibold leading-none tracking-tight"[39m
                  [36m>[39m
                    [0mRoster[0m
                  [36m</h3>[39m
                [36m</div>[39m
                [36m<div[39m
                  [33mclass[39m=[32m"p-6 pt-0"[39m
                [36m>[39m
                  [36m<div[39m
                    [33mclass[39m=[32m"space-y-4"[39m
                  [36m>[39m
                    [36m<div[39m
                      [33mclass[39m=[32m"flex items-center justify-between p-2 border rounded-md"[39m
                    [36m>[39m
                      [36m<div[39m
                        [33mclass[39m=[32m"flex items-center gap-3"[39m
                      [36m>[39m
                        [36m<div[39m
                          [33mclass[39m=[32m"h-8 w-8 rounded-full bg-secondary flex items-center justify-center"[39m
                        [36m>[39m
                          [36m<svg[39m
                            [33maria-hidden[39m=[32m"true"[39m
                            [33mclass[39m=[32m"lucide lucide-user h-4 w-4"[39m
                            [33mfill[39m=[32m"none"[39m
                            [33mheight[39m=[32m"24"[39m
                            [33mstroke[39m=[32m"currentColor"[39m
                            [33mstroke-linecap[39m=[32m"round"[39m
                            [33mstroke-linejoin[39m=[32m"round"[39m
                            [33mstroke-width[39m=[32m"2"[39m
                            [33mviewBox[39m=[32m"0 0 24 24"[39m
                            [33mwidth[39m=[32m"24"[39m
                            [33mxmlns[39m=[32m"http://www.w3.org/2000/svg"[39m
                          [36m>[39m
                            [36m<path[39m
                              [33md[39m=[32m"M19 21v-2a4 4 0 0 0-4-4H9a4 4 0 0 0-4 4v2"[39m
                            [36m/>[39m
                            [36m<circle[39m
                              [33mcx[39m=[32m"12"[39m
                              [33mcy[39m=[32m"7"[39m
                              [33mr[39m=[32m"4"[39m
                            [36m/>[39m
                          [36m</svg>[39m
                        [36m</div>[39m
                        [36m<div>[39m
                          [36m<p[39m
                            [33mclass[39m=[32m"font-medium"[39m
                          [36m>[39m
                            [0mJohn Doe[0m
                          [36m</p>[39m
                          [36m<p[39m
                            [33mclass[39m=[32m"text-xs text-muted-foreground"[39m
                          [36m>[39m
                            [0mPlayer[0m
                          [36m</p>[39m
                        [36m</div>[39m
                      [36m</div>[39m
                    [36m</div>[39m
                  [36m</div>[39m
                [36m</div>[39m
              [36m</div>[39m
            [36m</div>[39m
            [36m<div>[39m
              [36m<div[39m
                [33mclass[39m=[32m"rounded-lg border bg-card text-card-foreground shadow-sm"[39m
              [36m>[39m
                [36m<div[39m
                  [33mclass[39m=[32m"flex flex-col space-y-1.5 p-6"[39m
                [36m>[39m
                  [36m<h3[39m
                    [33mclass[39m=[32m"text-2xl font-semibold leading-none tracking-tight"[39m
                  [36m>[39m
                    [0mAdd Member[0m
                  [36m</h3>[39m
                [36m</div>[39m
                [36m<div[39m
                  [33mclass[39m=[32m"p-6 pt-0"[39m
                [36m>[39m
                  [36m<form[39m
                    [33maction[39m=[32m"javascript:throw new Error('A React form was unexpectedly submitted. If you called form.submit() manually, consider using form.requestSubmit() 
instead. If you\\'re trying to use event.stopPropagation() in a submit event handler, consider also calling event.preventDefault().')"[39m
                    [33mclass[39m=[32m"space-y-4"[39m
                  [36m>[39m
                    [36m<input[39m
                      [33mname[39m=[32m"teamId"[39m
                      [33mtype[39m=[32m"hidden"[39m
                      [33mvalue[39m=[32m"1"[39m
                    [36m/>[39m
                    [36m<div[39m
                      [33mclass[39m=[32m"space-y-2"[39m
                    [36m>[39m
                      [36m<label[39m
                        [33mclass[39m=[32m"text-sm font-medium"[39m
                        [33mfor[39m=[32m"name"[39m
                      [36m>[39m
                        [0mName[0m
                      [36m</label>[39m
                      [36m<input[39m
                        [33mclass[39m=[32m"flex h-10 w-full rounded-md border border-input bg-background px-3 py-2 text-sm ring-offset-background file:border-0 file:bg-transparent 
file:text-sm file:font-medium placeholder:text-muted-foreground focus-visible:outline-none focus-visible:ring-2 focus-visible:ring-ring focus-visible:ring-offset-2 disabled:cursor-not-allowed 
disabled:opacity-50"[39m
                        [33mid[39m=[32m"name"[39m
                        [33mname[39m=[32m"name"[39m
                        [33mplaceholder[39m=[32m"John Doe"[39m
                        [33mrequired[39m=[32m""[39m
                      [36m/>[39m
                    [36m</div>[39m
                    [36m<div[39m
                      [33mclass[39m=[32m"space-y-2"[39m
                    [36m>[39m
                      [36m<label[39m
                        [33mclass[39m=[32m"text-sm font-medium"[39m
                        [33mfor[39m=[32m"role"[39m
                      [36m>[39m
                        [0mRole[0m
                      [36m</label>[39m
                      [36m<select[39m
                        [33mclass[39m=[32m"flex h-10 w-full rounded-md border border-input bg-background px-3 py-2 text-sm ring-offset-background focus-visible:outline-none 
focus-visible:ring-2 focus-visible:ring-ring focus-visible:ring-offset-2"[39m
                        [33mid[39m=[32m"role"[39m
                        [33mname[39m=[32m"role"[39m
                        [33mrequired[39m=[32m""[39m
                      [36m>[39m
                        [36m<option[39m
                          [33mvalue[39m=[32m"Player"[39m
                        [36m>[39m
                          [0mPlayer[0m
                        [36m</option>[39m
                        [36m<option[39m
                          [33mvalue[39m=[32m"Coach"[39m
                        [36m>[39m
                          [0mCoach[0m
                        [36m</option>[39m
                        [36m<option[39m
                          [33mvalue[39m=[32m"Staff"[39m
                        [36m>[39m
                          [0mStaff[0m
                        [36m</option>[39m
                      [36m</select>[39m
                    [36m</div>[39m
                    [36m<button[39m
                      [33mclass[39m=[32m"inline-flex items-center justify-center whitespace-nowrap rounded-md text-sm font-medium ring-offset-background transition-colors 
focus-visible:outline-none focus-visible:ring-2 focus-visible:ring-ring focus-visible:ring-offset-2 disabled:pointer-events-none disabled:opacity-50 bg-primary text-primary-foreground 
hover:bg-primary/90 h-10 px-4 py-2 w-full"[39m
                      [33mtype[39m=[32m"submit"[39m
                    [36m>[39m
                      [36m<svg[39m
                        [33maria-hidden[39m=[32m"true"[39m
                        [33mclass[39m=[32m"lucide lucide-user-plus mr-2 h-4 w-4"[39m
                        [33mfill[39m=[32m"none"[39m
                        [33mheight[39m=[32m"24"[39m
                        [33mstroke[39m=[32m"currentColor"[39m
                        [33mstroke-linecap[39m=[32m"round"[39m
                        [33mstroke-linejoin[39m=[32m"round"[39m
                        [33mstroke-width[39m=[32m"2"[39m
                        [33mviewBox[39m=[32m"0 0 24 24"[39m
                        [33mwidth[39m=[32m"24"[39m
                        [33mxmlns[39m=[32m"http://www.w3.org/2000/svg"[39m
                      [36m>[39m
                        [36m<path[39m
                          [33md[39m=[32m"M16 21v-2a4 4 0 0 0-4-4H6a4 4 0 0 0-4 4v2"[39m
                        [36m/>[39m
                        [36m<circle[39m
                          [33mcx[39m=[32m"9"[39m
                          [33mcy[39m=[32m"7"[39m
                          [33mr[39m=[32m"4"[39m
                        [36m/>[39m
                        [36m<line[39m
                          [33mx1[39m=[32m"19"[39m
                          [33mx2[39m=[32m"19"[39m
                          [33my1[39m=[32m"8"[39m
                          [33my2[39m=[32m"14"[39m
                        [36m/>[39m
                        [36m<line[39m
                          [33mx1[39m=[32m"22"[39m
                          [33mx2[39m=[32m"16"[39m
                          [33my1[39m=[32m"11"[39m
                          [33my2[39m=[32m"11"[39m
                        [36m/>[39m
                      [36m</svg>[39m
                      [0m Add Member[0m
                    [36m</button>[39m
                  [36m</form>[39m
                [36m</div>[39m
              [36m</div>[39m
            [36m</div>[39m
          [36m</div>[39m
        [36m</div>[39m
      [36m</div>[39m
    [36m</body>[39m

    [0m [90m 39 |[39m     expect(screen[33m.[39mgetByText([32m'Soccer ΓÇó U19'[39m))[33m.[39mtoBeInTheDocument()[33m;[39m
     [90m 40 |[39m     expect(screen[33m.[39mgetByText([32m'John Doe'[39m))[33m.[39mtoBeInTheDocument()[33m;[39m
    [31m[1m>[22m[39m[90m 41 |[39m     expect(screen[33m.[39mgetByText([32m'Player'[39m))[33m.[39mtoBeInTheDocument()[33m;[39m
     [90m    |[39m                   [31m[1m^[22m[39m
     [90m 42 |[39m   })[33m;[39m
     [90m 43 |[39m
     [90m 44 |[39m   it([32m'calls notFound if team does not exist'[39m[33m,[39m () [33m=>[39m {[0m

      at Object.getElementError (node_modules/@testing-library/dom/dist/config.js:37:19)
      at getElementError (node_modules/@testing-library/dom/dist/query-helpers.js:20:35)
      at getMultipleElementsFoundError (node_modules/@testing-library/dom/dist/query-helpers.js:23:10)
      at node_modules/@testing-library/dom/dist/query-helpers.js:55:13
      at node_modules/@testing-library/dom/dist/query-helpers.js:95:19
      at Object.getByText (src/app/teams/[id]/page.test.tsx:41:19)

  ΓùÅ TeamDetailPage ΓÇ║ calls notFound if team does not exist

    TypeError: Cannot read properties of undefined (reading 'id')

    [0m [90m 14 |[39m   }
     [90m 15 |[39m
    [31m[1m>[22m[39m[90m 16 |[39m   [36mconst[39m roster [33m=[39m store[33m.[39mgetPersons(team[33m.[39mid)[33m;[39m
     [90m    |[39m                                        [31m[1m^[22m[39m
     [90m 17 |[39m
     [90m 18 |[39m   [36mreturn[39m (
     [90m 19 |[39m     [33m<[39m[33mdiv[39m className[33m=[39m[32m"container mx-auto py-8 px-4"[39m[33m>[39m[0m

      at id (src/app/teams/[id]/page.tsx:16:40)
      at Object.react_stack_bottom_frame (node_modules/react-dom/cjs/react-dom-client.development.js:25904:20)
      at renderWithHooks (node_modules/react-dom/cjs/react-dom-client.development.js:7662:22)
      at updateFunctionComponent (node_modules/react-dom/cjs/react-dom-client.development.js:10166:19)
      at beginWork (node_modules/react-dom/cjs/react-dom-client.development.js:11778:18)
      at runWithFiberInDEV (node_modules/react-dom/cjs/react-dom-client.development.js:874:13)
      at performUnitOfWork (node_modules/react-dom/cjs/react-dom-client.development.js:17641:22)
      at workLoopSync (node_modules/react-dom/cjs/react-dom-client.development.js:17469:41)
      at renderRootSync (node_modules/react-dom/cjs/react-dom-client.development.js:17450:11)
      at performWorkOnRoot (node_modules/react-dom/cjs/react-dom-client.development.js:16583:35)
      at performWorkOnRootViaSchedulerTask (node_modules/react-dom/cjs/react-dom-client.development.js:18957:7)
      at flushActQueue (node_modules/react/cjs/react.development.js:590:34)
      at process.env.NODE_ENV.exports.act (node_modules/react/cjs/react.development.js:884:10)
      at node_modules/@testing-library/react/dist/act-compat.js:47:25
      at renderRoot (node_modules/@testing-library/react/dist/pure.js:190:26)
      at render (node_modules/@testing-library/react/dist/pure.js:292:10)
      at Object.<anonymous> (src/app/teams/[id]/page.test.tsx:47:11)

Test Suites: 1 failed, 3 passed, 4 total
Tests:       2 failed, 10 passed, 12 total
Snapshots:   0 total
Time:        4.353 s
Ran all test suites.
